// Jest Snapshot v1, https://goo.gl/fbAQLP

exports[`AutoComplete displays correctly 1`] = `<div><input type="text" placeholder="Enter Location"></div>`;
